{
  "version": "1.5.0",
  "plugins_used": [
    {
      "name": "ArtifactoryDetector"
    },
    {
      "name": "AWSKeyDetector"
    },
    {
      "name": "AzureStorageKeyDetector"
    },
    {
      "name": "Base64HighEntropyString",
      "limit": 4.5
    },
    {
      "name": "BasicAuthDetector"
    },
    {
      "name": "CloudantDetector"
    },
    {
      "name": "DiscordBotTokenDetector"
    },
    {
      "name": "GitHubTokenDetector"
    },
    {
      "name": "GitLabTokenDetector"
    },
    {
      "name": "HexHighEntropyString",
      "limit": 3.0
    },
    {
      "name": "IbmCloudIamDetector"
    },
    {
      "name": "IbmCosHmacDetector"
    },
    {
      "name": "IPPublicDetector"
    },
    {
      "name": "JwtTokenDetector"
    },
    {
      "name": "KeywordDetector",
      "keyword_exclude": ""
    },
    {
      "name": "MailchimpDetector"
    },
    {
      "name": "NpmDetector"
    },
    {
      "name": "OpenAIDetector"
    },
    {
      "name": "PrivateKeyDetector"
    },
    {
      "name": "PypiTokenDetector"
    },
    {
      "name": "SendGridDetector"
    },
    {
      "name": "SlackDetector"
    },
    {
      "name": "SoftlayerDetector"
    },
    {
      "name": "SquareOAuthDetector"
    },
    {
      "name": "StripeDetector"
    },
    {
      "name": "TelegramBotTokenDetector"
    },
    {
      "name": "TwilioKeyDetector"
    }
  ],
  "filters_used": [
    {
      "path": "detect_secrets.filters.allowlist.is_line_allowlisted"
    },
    {
      "path": "detect_secrets.filters.common.is_baseline_file",
      "filename": ".secrets.baseline"
    },
    {
      "path": "detect_secrets.filters.common.is_ignored_due_to_verification_policies",
      "min_level": 2
    },
    {
      "path": "detect_secrets.filters.heuristic.is_indirect_reference"
    },
    {
      "path": "detect_secrets.filters.heuristic.is_likely_id_string"
    },
    {
      "path": "detect_secrets.filters.heuristic.is_lock_file"
    },
    {
      "path": "detect_secrets.filters.heuristic.is_not_alphanumeric_string"
    },
    {
      "path": "detect_secrets.filters.heuristic.is_potential_uuid"
    },
    {
      "path": "detect_secrets.filters.heuristic.is_prefixed_with_dollar_sign"
    },
    {
      "path": "detect_secrets.filters.heuristic.is_sequential_string"
    },
    {
      "path": "detect_secrets.filters.heuristic.is_swagger_file"
    },
    {
      "path": "detect_secrets.filters.heuristic.is_templated_secret"
    }
  ],
  "results": {
    ".specify/integrations/copilot.manifest.json": [
      {
        "type": "Hex High Entropy String",
        "filename": ".specify/integrations/copilot.manifest.json",
        "hashed_secret": "c411fdf15c58e5b80af9cb5e1dbd88cb6f892dfa",
        "is_verified": false,
        "line_number": 6,
        "is_secret": false
      },
      {
        "type": "Hex High Entropy String",
        "filename": ".specify/integrations/copilot.manifest.json",
        "hashed_secret": "8d163f350d6bb3293357e2e569c1faefac453204",
        "is_verified": false,
        "line_number": 7,
        "is_secret": false
      },
      {
        "type": "Hex High Entropy String",
        "filename": ".specify/integrations/copilot.manifest.json",
        "hashed_secret": "e7b82dfc011fe97ba1148b179afaf7fb70e2aa62",
        "is_verified": false,
        "line_number": 8,
        "is_secret": false
      },
      {
        "type": "Hex High Entropy String",
        "filename": ".specify/integrations/copilot.manifest.json",
        "hashed_secret": "717b90528dc337ca4a7b7534ec9b7799bfba1809",
        "is_verified": false,
        "line_number": 9,
        "is_secret": false
      },
      {
        "type": "Hex High Entropy String",
        "filename": ".specify/integrations/copilot.manifest.json",
        "hashed_secret": "5b58af287c11f117b71eb112128daad1eb2e281b",
        "is_verified": false,
        "line_number": 10,
        "is_secret": false
      },
      {
        "type": "Hex High Entropy String",
        "filename": ".specify/integrations/copilot.manifest.json",
        "hashed_secret": "05018fd2f129d19f907b629f68833056c34ea447",
        "is_verified": false,
        "line_number": 11,
        "is_secret": false
      },
      {
        "type": "Hex High Entropy String",
        "filename": ".specify/integrations/copilot.manifest.json",
        "hashed_secret": "ca049b32bb963377ff1506a93f49e31e6487bb09",
        "is_verified": false,
        "line_number": 12,
        "is_secret": false
      },
      {
        "type": "Hex High Entropy String",
        "filename": ".specify/integrations/copilot.manifest.json",
        "hashed_secret": "b887e8b2f4e4d500ac956aa7839a977f7e73295e",
        "is_verified": false,
        "line_number": 13,
        "is_secret": false
      },
      {
        "type": "Hex High Entropy String",
        "filename": ".specify/integrations/copilot.manifest.json",
        "hashed_secret": "1e9e9555c75851ee3a8bc9bd1cef78f886160848",
        "is_verified": false,
        "line_number": 14,
        "is_secret": false
      },
      {
        "type": "Hex High Entropy String",
        "filename": ".specify/integrations/copilot.manifest.json",
        "hashed_secret": "2a18bcff31e5fe30d3456516b5b219353ab86251",
        "is_verified": false,
        "line_number": 15,
        "is_secret": false
      },
      {
        "type": "Hex High Entropy String",
        "filename": ".specify/integrations/copilot.manifest.json",
        "hashed_secret": "bcc56203d1b06207d79806f61f00926124bc93f6",
        "is_verified": false,
        "line_number": 16,
        "is_secret": false
      },
      {
        "type": "Hex High Entropy String",
        "filename": ".specify/integrations/copilot.manifest.json",
        "hashed_secret": "1bd5808d29f0baf6ccdd8f64a926dd1370cdf3de",
        "is_verified": false,
        "line_number": 17,
        "is_secret": false
      },
      {
        "type": "Hex High Entropy String",
        "filename": ".specify/integrations/copilot.manifest.json",
        "hashed_secret": "a7cf10ee7692289db628adc1e8283d0022fa7bac",
        "is_verified": false,
        "line_number": 18,
        "is_secret": false
      },
      {
        "type": "Hex High Entropy String",
        "filename": ".specify/integrations/copilot.manifest.json",
        "hashed_secret": "62117cb86f604a29509407c32339f2411e1580e8",
        "is_verified": false,
        "line_number": 19,
        "is_secret": false
      },
      {
        "type": "Hex High Entropy String",
        "filename": ".specify/integrations/copilot.manifest.json",
        "hashed_secret": "0970c1a55f879ff3aa7de54153c191a879a13483",
        "is_verified": false,
        "line_number": 20,
        "is_secret": false
      },
      {
        "type": "Hex High Entropy String",
        "filename": ".specify/integrations/copilot.manifest.json",
        "hashed_secret": "53c87594c22acf617ae6a0210f6e0df6785bb6da",
        "is_verified": false,
        "line_number": 21,
        "is_secret": false
      },
      {
        "type": "Hex High Entropy String",
        "filename": ".specify/integrations/copilot.manifest.json",
        "hashed_secret": "e0620c8016795ec1eb61894aa96a692dc567d935",
        "is_verified": false,
        "line_number": 22,
        "is_secret": false
      },
      {
        "type": "Hex High Entropy String",
        "filename": ".specify/integrations/copilot.manifest.json",
        "hashed_secret": "b1533078191b915610220e62f11b4b3ce604d6e0",
        "is_verified": false,
        "line_number": 23,
        "is_secret": false
      },
      {
        "type": "Hex High Entropy String",
        "filename": ".specify/integrations/copilot.manifest.json",
        "hashed_secret": "3666b0731bcc8efe81cd2eab8a15480465d39bfe",
        "is_verified": false,
        "line_number": 24,
        "is_secret": false
      }
    ],
    ".specify/integrations/speckit.manifest.json": [
      {
        "type": "Hex High Entropy String",
        "filename": ".specify/integrations/speckit.manifest.json",
        "hashed_secret": "606979ec481dce48794c78b983ed49f775e4fd44",
        "is_verified": false,
        "line_number": 6,
        "is_secret": false
      },
      {
        "type": "Hex High Entropy String",
        "filename": ".specify/integrations/speckit.manifest.json",
        "hashed_secret": "643cb98b17fa3813e10afaa7ed5af5d334da85d2",
        "is_verified": false,
        "line_number": 7,
        "is_secret": false
      },
      {
        "type": "Hex High Entropy String",
        "filename": ".specify/integrations/speckit.manifest.json",
        "hashed_secret": "ddd6844f6a7c3ee5f7e6dd51eded83db3567faba",
        "is_verified": false,
        "line_number": 8,
        "is_secret": false
      },
      {
        "type": "Hex High Entropy String",
        "filename": ".specify/integrations/speckit.manifest.json",
        "hashed_secret": "246bc69bc522df923194fe62fc2ef6f4cf157bfe",
        "is_verified": false,
        "line_number": 9,
        "is_secret": false
      },
      {
        "type": "Hex High Entropy String",
        "filename": ".specify/integrations/speckit.manifest.json",
        "hashed_secret": "bb8d6742113eef5d976133e844c73d4389aa4d5c",
        "is_verified": false,
        "line_number": 10,
        "is_secret": false
      },
      {
        "type": "Hex High Entropy String",
        "filename": ".specify/integrations/speckit.manifest.json",
        "hashed_secret": "ecde51343aeae413aaba7dc0a5eb327c83bdd97f",
        "is_verified": false,
        "line_number": 11,
        "is_secret": false
      },
      {
        "type": "Hex High Entropy String",
        "filename": ".specify/integrations/speckit.manifest.json",
        "hashed_secret": "25c4a42ae4038007ad01f74d7e01a9d3352ef6ce",
        "is_verified": false,
        "line_number": 12,
        "is_secret": false
      },
      {
        "type": "Hex High Entropy String",
        "filename": ".specify/integrations/speckit.manifest.json",
        "hashed_secret": "6c481bf584ec89fe5868814e71db48013022ff8e",
        "is_verified": false,
        "line_number": 13,
        "is_secret": false
      },
      {
        "type": "Hex High Entropy String",
        "filename": ".specify/integrations/speckit.manifest.json",
        "hashed_secret": "9ca09f61b0fce77137bb336a5537503f9f28be91",
        "is_verified": false,
        "line_number": 14,
        "is_secret": false
      },
      {
        "type": "Hex High Entropy String",
        "filename": ".specify/integrations/speckit.manifest.json",
        "hashed_secret": "5a2c5ffb2fa4fb14d9cc8098f9aff3769a5f0894",
        "is_verified": false,
        "line_number": 15,
        "is_secret": false
      }
    ]
  },
  "generated_at": "2026-06-10T17:35:52Z"
}
